{
  "subscriber_1" : 827,
  "subscriber_2" : 827,
  "subscriber_3" : 1027
}
