{
  "subscriber_1" : 108,
  "subscriber_2" : 162,
  "subscriber_3" : 162,
  "subscriber_4" : 162,
  "subscriber_5" : 162
}
