{
  "subscriber_1" : 390,
  "subscriber_2" : 535,
  "subscriber_3" : 535,
  "subscriber_4" : 535,
  "subscriber_5" : 535
}
