{
  "subscriber_1" : 954,
  "subscriber_2" : 1281,
  "subscriber_3" : 1281,
  "subscriber_4" : 1281,
  "subscriber_5" : 1281
}
