{
  "subscriber_1" : 1236,
  "subscriber_2" : 1654,
  "subscriber_3" : 1654,
  "subscriber_4" : 1654,
  "subscriber_5" : 1654
}
