{
  "subscriber_1" : 1536,
  "subscriber_2" : 2054,
  "subscriber_3" : 2054,
  "subscriber_4" : 2054,
  "subscriber_5" : 2054
}
