{
  "subscriber_1" : 2736,
  "subscriber_2" : 3654,
  "subscriber_3" : 3654,
  "subscriber_4" : 3654,
  "subscriber_5" : 3654
}
