{
  "subscriber_1" : 3000,
  "subscriber_2" : 4000,
  "subscriber_3" : 4000,
  "subscriber_4" : 4000,
  "subscriber_5" : 4000
}
