{
  "subscriber_1" : 3900,
  "subscriber_2" : 5200,
  "subscriber_3" : 5200,
  "subscriber_4" : 5200,
  "subscriber_5" : 5200
}
