{
  "subscriber_1" : 4200,
  "subscriber_2" : 5600,
  "subscriber_3" : 5600,
  "subscriber_4" : 5600,
  "subscriber_5" : 5600
}
