{
"subscriber_1" : 768,
"subscriber_2" : 768,
"subscriber_3" : 768
}
