{
"subscriber_1" : 1272,
"subscriber_2" : 1272,
"subscriber_3" : 1272
}
