{
"subscriber_1" : 1956,
"subscriber_2" : 1956,
"subscriber_3" : 1956,
"subscriber_4" : 1956
}
