{
"subscriber_1" : 963,
"subscriber_2" : 963,
"subscriber_3" : 963
}
