{
"subscriber_1" : 885,
"subscriber_2" : 885,
"subscriber_3" : 885
}
