{
  "subscriber_1" : 72,
  "subscriber_2" : 108,
  "subscriber_3" : 108
}
