{
  "subscriber_1" : 1200,
  "subscriber_2" : 1600,
  "subscriber_3" : 1600
}
