{
  "subscriber_1" : 144,
  "subscriber_2" : 216,
  "subscriber_3" : 216
}
