{
  "subscriber_1" : 2400,
  "subscriber_2" : 3200,
  "subscriber_3" : 3200
}
