{
  "subscriber_1" : 6000,
  "subscriber_2" : 8000,
  "subscriber_3" : 8000
}
